// Jest Snapshot v1, https://goo.gl/fbAQLP

exports[`Snapshot App matches the snapshot 1`] = `
<div
  className="new-class"
>
  <h2>
    Find your movie
  </h2>
  <input
    className="search-field"
    onChange={[Function]}
    placeholder="Search"
  />
  <button
    onClick={[Function]}
  >
    <i
      aria-hidden="true"
      className="fa fa-search"
    />
  </button>
  <div
    className="under-search"
  >
    <div
      className="inline"
    >
      <span>
        Search by
      </span>
      <div
        className="toggle-btms inline"
      >
        <button
          className="left"
          onClick={[Function]}
        >
          Title
        </button>
        <button
          className="left"
          onClick={[Function]}
        >
          Genre
        </button>
      </div>
    </div>
  </div>
  <div
    className="search-result"
  >
    <div
      className="inline"
    >
      <span>
        3
         Movies found
      </span>
    </div>
  </div>
  <div
    className=""
  >
    <div
      className="alignRight sorting-panel"
    >
      Sort by
      <div
        className="toggle-btms inline"
      >
        <button
          className="left"
          onClick={[Function]}
        >
          Release date
        </button>
        <button
          className="left"
          onClick={[Function]}
        >
          Rating
        </button>
      </div>
    </div>
    <div
      className="movies-container"
    >
      <div
        className="movie-face-plate"
        onClick={[Function]}
      >
        <img
          src="https://encrypted-tbn0.gstatic.com/images?q=tbn:ANd9GcSJjJ0oj9DdOyVjYyDREytOES2pKEDgUtXDvNeaDnflAoXfg6I4"
        />
        <div
          className="movie-name inline"
        >
          Kill Bill
        </div>
        <div
          className="movie-year alignRight"
        >
          2003
        </div>
        <div
          className="movie-genre"
        >
          Action
        </div>
      </div>
      <div
        className="movie-face-plate"
        onClick={[Function]}
      >
        <img
          src="https://upload.wikimedia.org/wikipedia/en/thumb/c/c4/Kill_Bill_Volume_2.png/220px-Kill_Bill_Volume_2.png"
        />
        <div
          className="movie-name inline"
        >
          Kill Bill 2
        </div>
        <div
          className="movie-year alignRight"
        >
          2004
        </div>
        <div
          className="movie-genre"
        >
          Action
        </div>
      </div>
      <div
        className="movie-face-plate"
        onClick={[Function]}
      >
        <img
          src="https://i.pinimg.com/originals/bd/71/8c/bd718cb3d0932ff76eafc649921772a9.jpg"
        />
        <div
          className="movie-name inline"
        >
          Kill Bill 3
        </div>
        <div
          className="movie-year alignRight"
        >
          2018
        </div>
        <div
          className="movie-genre"
        >
          Action
        </div>
      </div>
    </div>
  </div>
  <div
    className="movie-info"
  >
    <img
      src="https://encrypted-tbn0.gstatic.com/images?q=tbn:ANd9GcSJjJ0oj9DdOyVjYyDREytOES2pKEDgUtXDvNeaDnflAoXfg6I4"
    />
    <div
      className="movie-desc"
    >
      <div
        className="movie-name-info inline"
      >
        Kill Bill
      </div>
      <div
        className="movie-length-info inline"
      />
      <div
        className="movie-year-info inline"
      >
        2003
      </div>
      <div
        className="movie-decs-info inline"
      >
        Kill Bill: Volume 1 is a 2003 American martial arts film written and directed by Quentin Tarantino. It stars Uma Thurman as the Bride, who swears revenge on a team of assassins (Lucy Liu, Michael Madsen, Daryl Hannah, and Vivica A. Fox) and their leader Bill (David Carradine) after they try to kill her and her unborn child. Her journey takes her to Japan, where she battles the Tokyo yakuza.
      </div>
    </div>
  </div>
</div>
`;
